2026-07-27T15:16:58.3759524Z Current runner version: '2.335.1'
2026-07-27T15:16:58.3783804Z ##[group]Runner Image Provisioner
2026-07-27T15:16:58.3785108Z Hosted Compute Agent
2026-07-27T15:16:58.3785788Z Version: 20260707.563
2026-07-27T15:16:58.3786411Z Commit: 02667638d2b423fbc733a8e32a88b44996a3ba6e
2026-07-27T15:16:58.3787174Z Build Date: 2026-07-07T19:33:50Z
2026-07-27T15:16:58.3787919Z Worker ID: {ca185b6a-c915-4bd9-afdc-c1e7d9cfe6f7}
2026-07-27T15:16:58.3788632Z Azure Region: westus
2026-07-27T15:16:58.3789224Z ##[endgroup]
2026-07-27T15:16:58.3790662Z ##[group]Operating System
2026-07-27T15:16:58.3791269Z Ubuntu
2026-07-27T15:16:58.3791906Z 24.04.4
2026-07-27T15:16:58.3792406Z LTS
2026-07-27T15:16:58.3792971Z ##[endgroup]
2026-07-27T15:16:58.3793536Z ##[group]Runner Image
2026-07-27T15:16:58.3794135Z Image: ubuntu-24.04
2026-07-27T15:16:58.3795011Z Version: 20260720.247.2
2026-07-27T15:16:58.3796283Z Included Software: https://github.com/actions/runner-images/blob/ubuntu24/20260720.247/images/ubuntu/Ubuntu2404-Readme.md
2026-07-27T15:16:58.3797936Z Image Release: https://github.com/actions/runner-images/releases/tag/ubuntu24%2F20260720.247
2026-07-27T15:16:58.3798939Z ##[endgroup]
2026-07-27T15:16:58.3800176Z ##[group]GITHUB_TOKEN Permissions
2026-07-27T15:16:58.3802283Z Contents: read
2026-07-27T15:16:58.3802944Z Metadata: read
2026-07-27T15:16:58.3803524Z Packages: read
2026-07-27T15:16:58.3804085Z ##[endgroup]
2026-07-27T15:16:58.3806405Z Secret source: Actions
2026-07-27T15:16:58.3807191Z Prepare workflow directory
2026-07-27T15:16:58.4135466Z Prepare all required actions
2026-07-27T15:16:58.4185205Z Getting action download info
2026-07-27T15:16:58.7814820Z Download action repository 'actions/checkout@v4' (SHA:11d5960a326750d5838078e36cf38b85af677262)
2026-07-27T15:16:59.2111650Z Download action repository 'actions/upload-artifact@v4' (SHA:ea165f8d65b6e75b540449e92b4886f43607fa02)
2026-07-27T15:16:59.4198204Z Complete job name: linux
2026-07-27T15:16:59.4954389Z Node 20 is being deprecated. This workflow is running with Node 24 by default. If you need to temporarily use Node 20, you can set the ACTIONS_ALLOW_USE_UNSECURE_NODE_VERSION=true environment variable. For more information see: https://github.blog/changelog/2025-09-19-deprecation-of-node-20-on-github-actions-runners/
2026-07-27T15:16:59.4963290Z ##[group]Run actions/checkout@v4
2026-07-27T15:16:59.4964071Z with:
2026-07-27T15:16:59.4964510Z   repository: ThripleQ/Netune
2026-07-27T15:16:59.4968534Z   token: ***
2026-07-27T15:16:59.4968973Z   ssh-strict: true
2026-07-27T15:16:59.4969445Z   ssh-user: git
2026-07-27T15:16:59.4969886Z   persist-credentials: true
2026-07-27T15:16:59.4970383Z   clean: true
2026-07-27T15:16:59.4970824Z   sparse-checkout-cone-mode: true
2026-07-27T15:16:59.4971353Z   fetch-depth: 1
2026-07-27T15:16:59.4971812Z   fetch-tags: false
2026-07-27T15:16:59.4972258Z   show-progress: true
2026-07-27T15:16:59.4972709Z   lfs: false
2026-07-27T15:16:59.4973168Z   submodules: false
2026-07-27T15:16:59.4973623Z   set-safe-directory: true
2026-07-27T15:16:59.4974144Z   allow-unsafe-pr-checkout: false
2026-07-27T15:16:59.4975107Z ##[endgroup]
2026-07-27T15:16:59.5977926Z Syncing repository: ThripleQ/Netune
2026-07-27T15:16:59.5980477Z ##[group]Getting Git version info
2026-07-27T15:16:59.5981569Z Working directory is '/home/runner/work/Netune/Netune'
2026-07-27T15:16:59.5983132Z [command]/usr/bin/git version
2026-07-27T15:16:59.6043312Z git version 2.54.0
2026-07-27T15:16:59.6078226Z ##[endgroup]
2026-07-27T15:16:59.6089480Z Temporarily overriding HOME='/home/runner/work/_temp/62a36bf5-fbae-4040-8b40-09fd7c6e1dea' before making global git config changes
2026-07-27T15:16:59.6091871Z Adding repository directory to the temporary git global config as a safe directory
2026-07-27T15:16:59.6093844Z [command]/usr/bin/git config --global --add safe.directory /home/runner/work/Netune/Netune
2026-07-27T15:16:59.6162050Z Deleting the contents of '/home/runner/work/Netune/Netune'
2026-07-27T15:16:59.6166872Z ##[group]Initializing the repository
2026-07-27T15:16:59.6172074Z [command]/usr/bin/git init /home/runner/work/Netune/Netune
2026-07-27T15:16:59.6281661Z hint: Using 'master' as the name for the initial branch. This default branch name
2026-07-27T15:16:59.6283428Z hint: will change to "main" in Git 3.0. To configure the initial branch name
2026-07-27T15:16:59.6288038Z hint: to use in all of your new repositories, which will suppress this warning,
2026-07-27T15:16:59.6289929Z hint: call:
2026-07-27T15:16:59.6291132Z hint:
2026-07-27T15:16:59.6292562Z hint: 	git config --global init.defaultBranch <name>
2026-07-27T15:16:59.6293961Z hint:
2026-07-27T15:16:59.6295380Z hint: Names commonly chosen instead of 'master' are 'main', 'trunk' and
2026-07-27T15:16:59.6296986Z hint: 'development'. The just-created branch can be renamed via this command:
2026-07-27T15:16:59.6298174Z hint:
2026-07-27T15:16:59.6298821Z hint: 	git branch -m <name>
2026-07-27T15:16:59.6299554Z hint:
2026-07-27T15:16:59.6300614Z hint: Disable this message with "git config set advice.defaultBranchName false"
2026-07-27T15:16:59.6302238Z Initialized empty Git repository in /home/runner/work/Netune/Netune/.git/
2026-07-27T15:16:59.6303879Z [command]/usr/bin/git remote add origin https://github.com/ThripleQ/Netune
2026-07-27T15:16:59.6344789Z ##[endgroup]
2026-07-27T15:16:59.6346021Z ##[group]Disabling automatic garbage collection
2026-07-27T15:16:59.6349206Z [command]/usr/bin/git config --local gc.auto 0
2026-07-27T15:16:59.6381235Z ##[endgroup]
2026-07-27T15:16:59.6382367Z ##[group]Setting up auth
2026-07-27T15:16:59.6389099Z [command]/usr/bin/git config --local --name-only --get-regexp core\.sshCommand
2026-07-27T15:16:59.6425086Z [command]/usr/bin/git submodule foreach --recursive sh -c "git config --local --name-only --get-regexp 'core\.sshCommand' && git config --local --unset-all 'core.sshCommand' || :"
2026-07-27T15:16:59.6810047Z [command]/usr/bin/git config --local --name-only --get-regexp http\.https\:\/\/github\.com\/\.extraheader
2026-07-27T15:16:59.6848042Z [command]/usr/bin/git submodule foreach --recursive sh -c "git config --local --name-only --get-regexp 'http\.https\:\/\/github\.com\/\.extraheader' && git config --local --unset-all 'http.https://github.com/.extraheader' || :"
2026-07-27T15:16:59.7100906Z [command]/usr/bin/git config --local --name-only --get-regexp ^includeIf\.gitdir:
2026-07-27T15:16:59.7140620Z [command]/usr/bin/git submodule foreach --recursive git config --local --show-origin --name-only --get-regexp remote.origin.url
2026-07-27T15:16:59.7368004Z [command]/usr/bin/git config --local http.https://github.com/.extraheader AUTHORIZATION: basic ***
2026-07-27T15:16:59.7406876Z ##[endgroup]
2026-07-27T15:16:59.7407890Z ##[group]Fetching the repository
2026-07-27T15:16:59.7417554Z [command]/usr/bin/git -c protocol.version=2 fetch --no-tags --prune --no-recurse-submodules --depth=1 origin +c3c0ed09a7ff8ea9090258dd127bafe823bb3c1c:refs/remotes/origin/outer
2026-07-27T15:17:00.2842620Z From https://github.com/ThripleQ/Netune
2026-07-27T15:17:00.2845187Z  * [new ref]         c3c0ed09a7ff8ea9090258dd127bafe823bb3c1c -> origin/outer
2026-07-27T15:17:00.2878975Z ##[endgroup]
2026-07-27T15:17:00.2880157Z ##[group]Determining the checkout info
2026-07-27T15:17:00.2881983Z ##[endgroup]
2026-07-27T15:17:00.2887338Z [command]/usr/bin/git sparse-checkout disable
2026-07-27T15:17:00.2938998Z [command]/usr/bin/git config --local --unset-all extensions.worktreeConfig
2026-07-27T15:17:00.2970158Z ##[group]Checking out the ref
2026-07-27T15:17:00.2974908Z [command]/usr/bin/git checkout --progress --force -B outer refs/remotes/origin/outer
2026-07-27T15:17:00.3120989Z Switched to a new branch 'outer'
2026-07-27T15:17:00.3124360Z branch 'outer' set up to track 'origin/outer'.
2026-07-27T15:17:00.3132297Z ##[endgroup]
2026-07-27T15:17:00.3174371Z [command]/usr/bin/git log -1 --format=%H
2026-07-27T15:17:00.3201214Z c3c0ed09a7ff8ea9090258dd127bafe823bb3c1c
2026-07-27T15:17:00.3477423Z ##[group]Run sudo apt-get update -qq
2026-07-27T15:17:00.3478816Z [36;1msudo apt-get update -qq[0m
2026-07-27T15:17:00.3480307Z [36;1msudo apt-get install -y -qq \[0m
2026-07-27T15:17:00.3481858Z [36;1m  cmake pkg-config \[0m
2026-07-27T15:17:00.3483069Z [36;1m  libasound2-dev libpulse-dev libsdl2-dev \[0m
2026-07-27T15:17:00.3485108Z [36;1m  libavformat-dev libavcodec-dev libswresample-dev \[0m
2026-07-27T15:17:00.3486761Z [36;1m  libyaml-dev[0m
2026-07-27T15:17:00.3536931Z shell: /usr/bin/bash -e {0}
2026-07-27T15:17:00.3537996Z ##[endgroup]
2026-07-27T15:21:28.3376501Z Selecting previously unselected package libjsoncpp25:amd64.
2026-07-27T15:21:28.3667589Z (Reading database ... 
2026-07-27T15:21:28.3668452Z (Reading database ... 5%
2026-07-27T15:21:28.3669166Z (Reading database ... 10%
2026-07-27T15:21:28.3669776Z (Reading database ... 15%
2026-07-27T15:21:28.3670291Z (Reading database ... 20%
2026-07-27T15:21:28.3670824Z (Reading database ... 25%
2026-07-27T15:21:28.3671498Z (Reading database ... 30%
2026-07-27T15:21:28.3672059Z (Reading database ... 35%
2026-07-27T15:21:28.3672632Z (Reading database ... 40%
2026-07-27T15:21:28.3673205Z (Reading database ... 45%
2026-07-27T15:21:28.3673790Z (Reading database ... 50%
2026-07-27T15:21:28.3725792Z (Reading database ... 55%
2026-07-27T15:21:28.4443029Z (Reading database ... 60%
2026-07-27T15:21:28.6415006Z (Reading database ... 65%
2026-07-27T15:21:28.8263121Z (Reading database ... 70%
2026-07-27T15:21:28.9420020Z (Reading database ... 75%
2026-07-27T15:21:29.1259402Z (Reading database ... 80%
2026-07-27T15:21:29.3458120Z (Reading database ... 85%
2026-07-27T15:21:29.4302539Z (Reading database ... 90%
2026-07-27T15:21:29.5886289Z (Reading database ... 95%
2026-07-27T15:21:29.5886774Z (Reading database ... 100%
2026-07-27T15:21:29.5937550Z (Reading database ... 202954 files and directories currently installed.)
2026-07-27T15:21:29.5938238Z Preparing to unpack .../000-libjsoncpp25_1.9.5-6build1_amd64.deb ...
2026-07-27T15:21:29.6009762Z Unpacking libjsoncpp25:amd64 (1.9.5-6build1) ...
2026-07-27T15:21:29.6246272Z Selecting previously unselected package librhash0:amd64.
2026-07-27T15:21:29.6371541Z Preparing to unpack .../001-librhash0_1.4.3-3build1_amd64.deb ...
2026-07-27T15:21:29.6385788Z Unpacking librhash0:amd64 (1.4.3-3build1) ...
2026-07-27T15:21:29.6638219Z Selecting previously unselected package cmake-data.
2026-07-27T15:21:29.6765508Z Preparing to unpack .../002-cmake-data_3.28.3-1build7_all.deb ...
2026-07-27T15:21:29.6834339Z Unpacking cmake-data (3.28.3-1build7) ...
2026-07-27T15:21:30.2368210Z Selecting previously unselected package cmake.
2026-07-27T15:21:30.2516549Z Preparing to unpack .../003-cmake_3.28.3-1build7_amd64.deb ...
2026-07-27T15:21:30.2532468Z Unpacking cmake (3.28.3-1build7) ...
2026-07-27T15:21:30.4075322Z Selecting previously unselected package libibus-1.0-5:amd64.
2026-07-27T15:21:30.4202653Z Preparing to unpack .../004-libibus-1.0-5_1.5.29-2_amd64.deb ...
2026-07-27T15:21:30.4212935Z Unpacking libibus-1.0-5:amd64 (1.5.29-2) ...
2026-07-27T15:21:30.4437492Z Selecting previously unselected package gir1.2-ibus-1.0:amd64.
2026-07-27T15:21:30.4565372Z Preparing to unpack .../005-gir1.2-ibus-1.0_1.5.29-2_amd64.deb ...
2026-07-27T15:21:30.4578809Z Unpacking gir1.2-ibus-1.0:amd64 (1.5.29-2) ...
2026-07-27T15:21:30.4816196Z Selecting previously unselected package libva2:amd64.
2026-07-27T15:21:30.4943116Z Preparing to unpack .../006-libva2_2.20.0-2ubuntu0.2_amd64.deb ...
2026-07-27T15:21:30.4955422Z Unpacking libva2:amd64 (2.20.0-2ubuntu0.2) ...
2026-07-27T15:21:30.5181788Z Selecting previously unselected package libigdgmm12:amd64.
2026-07-27T15:21:30.5309443Z Preparing to unpack .../007-libigdgmm12_22.3.17+ds1-1ubuntu1_amd64.deb ...
2026-07-27T15:21:30.5319981Z Unpacking libigdgmm12:amd64 (22.3.17+ds1-1ubuntu1) ...
2026-07-27T15:21:30.5547785Z Selecting previously unselected package intel-media-va-driver:amd64.
2026-07-27T15:21:30.5673687Z Preparing to unpack .../008-intel-media-va-driver_24.1.0+dfsg1-1ubuntu0.2_amd64.deb ...
2026-07-27T15:21:30.5686083Z Unpacking intel-media-va-driver:amd64 (24.1.0+dfsg1-1ubuntu0.2) ...
2026-07-27T15:21:30.6419746Z Selecting previously unselected package libaacs0:amd64.
2026-07-27T15:21:30.6547717Z Preparing to unpack .../009-libaacs0_0.11.1-2build1_amd64.deb ...
2026-07-27T15:21:30.6559697Z Unpacking libaacs0:amd64 (0.11.1-2build1) ...
2026-07-27T15:21:30.6790740Z Selecting previously unselected package libasound2-dev:amd64.
2026-07-27T15:21:30.6990962Z Preparing to unpack .../010-libasound2-dev_1.2.11-1ubuntu0.3_amd64.deb ...
2026-07-27T15:21:30.6991922Z Unpacking libasound2-dev:amd64 (1.2.11-1ubuntu0.3) ...
2026-07-27T15:21:30.7320517Z Selecting previously unselected package libasyncns0:amd64.
2026-07-27T15:21:30.7448909Z Preparing to unpack .../011-libasyncns0_0.8-6build4_amd64.deb ...
2026-07-27T15:21:30.7459596Z Unpacking libasyncns0:amd64 (0.8-6build4) ...
2026-07-27T15:21:30.7677799Z Selecting previously unselected package libva-drm2:amd64.
2026-07-27T15:21:30.7803371Z Preparing to unpack .../012-libva-drm2_2.20.0-2ubuntu0.2_amd64.deb ...
2026-07-27T15:21:30.7814471Z Unpacking libva-drm2:amd64 (2.20.0-2ubuntu0.2) ...
2026-07-27T15:21:30.8028350Z Selecting previously unselected package libva-x11-2:amd64.
2026-07-27T15:21:30.8153673Z Preparing to unpack .../013-libva-x11-2_2.20.0-2ubuntu0.2_amd64.deb ...
2026-07-27T15:21:30.8165392Z Unpacking libva-x11-2:amd64 (2.20.0-2ubuntu0.2) ...
2026-07-27T15:21:30.8382781Z Selecting previously unselected package libvdpau1:amd64.
2026-07-27T15:21:30.8507653Z Preparing to unpack .../014-libvdpau1_1.5-2build1_amd64.deb ...
2026-07-27T15:21:30.8546647Z Unpacking libvdpau1:amd64 (1.5-2build1) ...
2026-07-27T15:21:30.8775963Z Selecting previously unselected package libvpl2.
2026-07-27T15:21:30.8899276Z Preparing to unpack .../015-libvpl2_2023.3.0-1build1_amd64.deb ...
2026-07-27T15:21:30.8910899Z Unpacking libvpl2 (2023.3.0-1build1) ...
2026-07-27T15:21:30.9141049Z Selecting previously unselected package ocl-icd-libopencl1:amd64.
2026-07-27T15:21:30.9265933Z Preparing to unpack .../016-ocl-icd-libopencl1_2.3.2-1build1_amd64.deb ...
2026-07-27T15:21:30.9276468Z Unpacking ocl-icd-libopencl1:amd64 (2.3.2-1build1) ...
2026-07-27T15:21:30.9512764Z Selecting previously unselected package libavutil58:amd64.
2026-07-27T15:21:30.9635290Z Preparing to unpack .../017-libavutil58_7%3a6.1.1-3ubuntu5_amd64.deb ...
2026-07-27T15:21:30.9647819Z Unpacking libavutil58:amd64 (7:6.1.1-3ubuntu5) ...
2026-07-27T15:21:30.9926107Z Selecting previously unselected package libcodec2-1.2:amd64.
2026-07-27T15:21:31.0054402Z Preparing to unpack .../018-libcodec2-1.2_1.2.0-2build1_amd64.deb ...
2026-07-27T15:21:31.0065419Z Unpacking libcodec2-1.2:amd64 (1.2.0-2build1) ...
2026-07-27T15:21:31.0851328Z Selecting previously unselected package libdav1d7:amd64.
2026-07-27T15:21:31.0979081Z Preparing to unpack .../019-libdav1d7_1.4.1-1build1_amd64.deb ...
2026-07-27T15:21:31.0991467Z Unpacking libdav1d7:amd64 (1.4.1-1build1) ...
2026-07-27T15:21:31.1341925Z Selecting previously unselected package libgsm1:amd64.
2026-07-27T15:21:31.1471412Z Preparing to unpack .../020-libgsm1_1.0.22-1build1_amd64.deb ...
2026-07-27T15:21:31.1483520Z Unpacking libgsm1:amd64 (1.0.22-1build1) ...
2026-07-27T15:21:31.1726818Z Selecting previously unselected package libhwy1t64:amd64.
2026-07-27T15:21:31.1855421Z Preparing to unpack .../021-libhwy1t64_1.0.7-8.1build1_amd64.deb ...
2026-07-27T15:21:31.1868579Z Unpacking libhwy1t64:amd64 (1.0.7-8.1build1) ...
2026-07-27T15:21:31.2199661Z Selecting previously unselected package libjxl0.7:amd64.
2026-07-27T15:21:31.2328360Z Preparing to unpack .../022-libjxl0.7_0.7.0-10.2ubuntu6.1_amd64.deb ...
2026-07-27T15:21:31.2355121Z Unpacking libjxl0.7:amd64 (0.7.0-10.2ubuntu6.1) ...
2026-07-27T15:21:31.2712157Z Selecting previously unselected package libmp3lame0:amd64.
2026-07-27T15:21:31.2840755Z Preparing to unpack .../023-libmp3lame0_3.100-6build1_amd64.deb ...
2026-07-27T15:21:31.2852206Z Unpacking libmp3lame0:amd64 (3.100-6build1) ...
2026-07-27T15:21:31.3165877Z Selecting previously unselected package libopus0:amd64.
2026-07-27T15:21:31.3291744Z Preparing to unpack .../024-libopus0_1.4-1build1_amd64.deb ...
2026-07-27T15:21:31.3302894Z Unpacking libopus0:amd64 (1.4-1build1) ...
2026-07-27T15:21:31.3543526Z Selecting previously unselected package librav1e0:amd64.
2026-07-27T15:21:31.3669643Z Preparing to unpack .../025-librav1e0_0.7.1-2_amd64.deb ...
2026-07-27T15:21:31.3681580Z Unpacking librav1e0:amd64 (0.7.1-2) ...
2026-07-27T15:21:31.4029421Z Selecting previously unselected package librsvg2-2:amd64.
2026-07-27T15:21:31.4154356Z Preparing to unpack .../026-librsvg2-2_2.58.0+dfsg-1build1_amd64.deb ...
2026-07-27T15:21:31.4166753Z Unpacking librsvg2-2:amd64 (2.58.0+dfsg-1build1) ...
2026-07-27T15:21:31.4651197Z Selecting previously unselected package libshine3:amd64.
2026-07-27T15:21:31.4778093Z Preparing to unpack .../027-libshine3_3.1.1-2build1_amd64.deb ...
2026-07-27T15:21:31.4788590Z Unpacking libshine3:amd64 (3.1.1-2build1) ...
2026-07-27T15:21:31.5038524Z Selecting previously unselected package libspeex1:amd64.
2026-07-27T15:21:31.5163148Z Preparing to unpack .../028-libspeex1_1.2.1-2ubuntu2.24.04.1_amd64.deb ...
2026-07-27T15:21:31.5175425Z Unpacking libspeex1:amd64 (1.2.1-2ubuntu2.24.04.1) ...
2026-07-27T15:21:31.5393484Z Selecting previously unselected package libsvtav1enc1d1:amd64.
2026-07-27T15:21:31.5517205Z Preparing to unpack .../029-libsvtav1enc1d1_1.7.0+dfsg-2build1_amd64.deb ...
2026-07-27T15:21:31.5526787Z Unpacking libsvtav1enc1d1:amd64 (1.7.0+dfsg-2build1) ...
2026-07-27T15:21:31.6029286Z Selecting previously unselected package libsoxr0:amd64.
2026-07-27T15:21:31.6156915Z Preparing to unpack .../030-libsoxr0_0.1.3-4build3_amd64.deb ...
2026-07-27T15:21:31.6169754Z Unpacking libsoxr0:amd64 (0.1.3-4build3) ...
2026-07-27T15:21:31.6397076Z Selecting previously unselected package libswresample4:amd64.
2026-07-27T15:21:31.6522698Z Preparing to unpack .../031-libswresample4_7%3a6.1.1-3ubuntu5_amd64.deb ...
2026-07-27T15:21:31.6535808Z Unpacking libswresample4:amd64 (7:6.1.1-3ubuntu5) ...
2026-07-27T15:21:31.6769049Z Selecting previously unselected package libtheora0:amd64.
2026-07-27T15:21:31.6897254Z Preparing to unpack .../032-libtheora0_1.1.1+dfsg.1-16.1build3_amd64.deb ...
2026-07-27T15:21:31.6907528Z Unpacking libtheora0:amd64 (1.1.1+dfsg.1-16.1build3) ...
2026-07-27T15:21:31.7156268Z Selecting previously unselected package libtwolame0:amd64.
2026-07-27T15:21:31.7281935Z Preparing to unpack .../033-libtwolame0_0.4.0-2build3_amd64.deb ...
2026-07-27T15:21:31.7292951Z Unpacking libtwolame0:amd64 (0.4.0-2build3) ...
2026-07-27T15:21:31.7551727Z Selecting previously unselected package libvorbisenc2:amd64.
2026-07-27T15:21:31.7677902Z Preparing to unpack .../034-libvorbisenc2_1.3.7-1build3_amd64.deb ...
2026-07-27T15:21:31.7690715Z Unpacking libvorbisenc2:amd64 (1.3.7-1build3) ...
2026-07-27T15:21:31.7933381Z Selecting previously unselected package libvpx9:amd64.
2026-07-27T15:21:31.8058689Z Preparing to unpack .../035-libvpx9_1.14.0-1ubuntu2.3_amd64.deb ...
2026-07-27T15:21:31.8071291Z Unpacking libvpx9:amd64 (1.14.0-1ubuntu2.3) ...
2026-07-27T15:21:31.8425536Z Selecting previously unselected package libx264-164:amd64.
2026-07-27T15:21:31.8550144Z Preparing to unpack .../036-libx264-164_2%3a0.164.3108+git31e19f9-1_amd64.deb ...
2026-07-27T15:21:31.8561209Z Unpacking libx264-164:amd64 (2:0.164.3108+git31e19f9-1) ...
2026-07-27T15:21:31.8855521Z Selecting previously unselected package libx265-199:amd64.
2026-07-27T15:21:31.8978899Z Preparing to unpack .../037-libx265-199_3.5-2build1_amd64.deb ...
2026-07-27T15:21:31.8989253Z Unpacking libx265-199:amd64 (3.5-2build1) ...
2026-07-27T15:21:31.9653049Z Selecting previously unselected package libxvidcore4:amd64.
2026-07-27T15:21:31.9779989Z Preparing to unpack .../038-libxvidcore4_2%3a1.3.7-1build1_amd64.deb ...
2026-07-27T15:21:31.9790072Z Unpacking libxvidcore4:amd64 (2:1.3.7-1build1) ...
2026-07-27T15:21:32.0045577Z Selecting previously unselected package libzvbi-common.
2026-07-27T15:21:32.0171228Z Preparing to unpack .../039-libzvbi-common_0.2.42-2_all.deb ...
2026-07-27T15:21:32.0186684Z Unpacking libzvbi-common (0.2.42-2) ...
2026-07-27T15:21:32.1311706Z Selecting previously unselected package libzvbi0t64:amd64.
2026-07-27T15:21:32.1439155Z Preparing to unpack .../040-libzvbi0t64_0.2.42-2_amd64.deb ...
2026-07-27T15:21:32.1452320Z Unpacking libzvbi0t64:amd64 (0.2.42-2) ...
2026-07-27T15:21:32.1703428Z Selecting previously unselected package libavcodec60:amd64.
2026-07-27T15:21:32.1828027Z Preparing to unpack .../041-libavcodec60_7%3a6.1.1-3ubuntu5_amd64.deb ...
2026-07-27T15:21:32.1838832Z Unpacking libavcodec60:amd64 (7:6.1.1-3ubuntu5) ...
2026-07-27T15:21:32.2707057Z Selecting previously unselected package libavutil-dev:amd64.
2026-07-27T15:21:32.2836418Z Preparing to unpack .../042-libavutil-dev_7%3a6.1.1-3ubuntu5_amd64.deb ...
2026-07-27T15:21:32.2849146Z Unpacking libavutil-dev:amd64 (7:6.1.1-3ubuntu5) ...
2026-07-27T15:21:32.3288450Z Selecting previously unselected package libswresample-dev:amd64.
2026-07-27T15:21:32.3418542Z Preparing to unpack .../043-libswresample-dev_7%3a6.1.1-3ubuntu5_amd64.deb ...
2026-07-27T15:21:32.3430422Z Unpacking libswresample-dev:amd64 (7:6.1.1-3ubuntu5) ...
2026-07-27T15:21:32.3675593Z Selecting previously unselected package libavcodec-dev:amd64.
2026-07-27T15:21:32.3804627Z Preparing to unpack .../044-libavcodec-dev_7%3a6.1.1-3ubuntu5_amd64.deb ...
2026-07-27T15:21:32.3826398Z Unpacking libavcodec-dev:amd64 (7:6.1.1-3ubuntu5) ...
2026-07-27T15:21:32.4878318Z Selecting previously unselected package libudfread0:amd64.
2026-07-27T15:21:32.5007963Z Preparing to unpack .../045-libudfread0_1.1.2-1build1_amd64.deb ...
2026-07-27T15:21:32.5020154Z Unpacking libudfread0:amd64 (1.1.2-1build1) ...
2026-07-27T15:21:32.5245096Z Selecting previously unselected package libbluray2:amd64.
2026-07-27T15:21:32.5371988Z Preparing to unpack .../046-libbluray2_1%3a1.3.4-1build1_amd64.deb ...
2026-07-27T15:21:32.5384791Z Unpacking libbluray2:amd64 (1:1.3.4-1build1) ...
2026-07-27T15:21:32.5619157Z Selecting previously unselected package libchromaprint1:amd64.
2026-07-27T15:21:32.5747362Z Preparing to unpack .../047-libchromaprint1_1.5.1-5_amd64.deb ...
2026-07-27T15:21:32.5759583Z Unpacking libchromaprint1:amd64 (1.5.1-5) ...
2026-07-27T15:21:32.5978322Z Selecting previously unselected package libgme0:amd64.
2026-07-27T15:21:32.6104335Z Preparing to unpack .../048-libgme0_0.6.3-7build1_amd64.deb ...
2026-07-27T15:21:32.6116636Z Unpacking libgme0:amd64 (0.6.3-7build1) ...
2026-07-27T15:21:32.6443431Z Selecting previously unselected package libmpg123-0t64:amd64.
2026-07-27T15:21:32.6572439Z Preparing to unpack .../049-libmpg123-0t64_1.32.5-1ubuntu1.1_amd64.deb ...
2026-07-27T15:21:32.6581879Z Unpacking libmpg123-0t64:amd64 (1.32.5-1ubuntu1.1) ...
2026-07-27T15:21:32.6820360Z Selecting previously unselected package libopenmpt0t64:amd64.
2026-07-27T15:21:32.6947611Z Preparing to unpack .../050-libopenmpt0t64_0.7.3-1.1build3_amd64.deb ...
2026-07-27T15:21:32.6958659Z Unpacking libopenmpt0t64:amd64 (0.7.3-1.1build3) ...
2026-07-27T15:21:32.7236172Z Selecting previously unselected package libcjson1:amd64.
2026-07-27T15:21:32.7363367Z Preparing to unpack .../051-libcjson1_1.7.17-1_amd64.deb ...
2026-07-27T15:21:32.7371793Z Unpacking libcjson1:amd64 (1.7.17-1) ...
2026-07-27T15:21:32.7584891Z Selecting previously unselected package libmbedcrypto7t64:amd64.
2026-07-27T15:21:32.7712080Z Preparing to unpack .../052-libmbedcrypto7t64_2.28.8-1_amd64.deb ...
2026-07-27T15:21:32.7720912Z Unpacking libmbedcrypto7t64:amd64 (2.28.8-1) ...
2026-07-27T15:21:32.7952407Z Selecting previously unselected package librist4:amd64.
2026-07-27T15:21:32.8077822Z Preparing to unpack .../053-librist4_0.2.10+dfsg-2_amd64.deb ...
2026-07-27T15:21:32.8087404Z Unpacking librist4:amd64 (0.2.10+dfsg-2) ...
2026-07-27T15:21:32.8292071Z Selecting previously unselected package libsrt1.5-gnutls:amd64.
2026-07-27T15:21:32.8417364Z Preparing to unpack .../054-libsrt1.5-gnutls_1.5.3-1build2_amd64.deb ...
2026-07-27T15:21:32.8427021Z Unpacking libsrt1.5-gnutls:amd64 (1.5.3-1build2) ...
2026-07-27T15:21:32.8668566Z Selecting previously unselected package libssh-gcrypt-4:amd64.
2026-07-27T15:21:32.8795581Z Preparing to unpack .../055-libssh-gcrypt-4_0.10.6-2ubuntu0.4_amd64.deb ...
2026-07-27T15:21:32.8805347Z Unpacking libssh-gcrypt-4:amd64 (0.10.6-2ubuntu0.4) ...
2026-07-27T15:21:32.9037466Z Selecting previously unselected package libavformat60:amd64.
2026-07-27T15:21:32.9161625Z Preparing to unpack .../056-libavformat60_7%3a6.1.1-3ubuntu5_amd64.deb ...
2026-07-27T15:21:32.9170099Z Unpacking libavformat60:amd64 (7:6.1.1-3ubuntu5) ...
2026-07-27T15:21:32.9491650Z Selecting previously unselected package libavformat-dev:amd64.
2026-07-27T15:21:32.9615206Z Preparing to unpack .../057-libavformat-dev_7%3a6.1.1-3ubuntu5_amd64.deb ...
2026-07-27T15:21:32.9623312Z Unpacking libavformat-dev:amd64 (7:6.1.1-3ubuntu5) ...
2026-07-27T15:21:33.0032677Z Selecting previously unselected package libbdplus0:amd64.
2026-07-27T15:21:33.0156961Z Preparing to unpack .../058-libbdplus0_0.2.0-3build1_amd64.deb ...
2026-07-27T15:21:33.0165247Z Unpacking libbdplus0:amd64 (0.2.0-3build1) ...
2026-07-27T15:21:33.0370191Z Selecting previously unselected package libdbus-1-dev:amd64.
2026-07-27T15:21:33.0492606Z Preparing to unpack .../059-libdbus-1-dev_1.14.10-4ubuntu4.1_amd64.deb ...
2026-07-27T15:21:33.0500137Z Unpacking libdbus-1-dev:amd64 (1.14.10-4ubuntu4.1) ...
2026-07-27T15:21:33.0800014Z Selecting previously unselected package libdecor-0-0:amd64.
2026-07-27T15:21:33.0925215Z Preparing to unpack .../060-libdecor-0-0_0.2.2-1build2_amd64.deb ...
2026-07-27T15:21:33.0933789Z Unpacking libdecor-0-0:amd64 (0.2.2-1build2) ...
2026-07-27T15:21:33.1137300Z Selecting previously unselected package libwayland-server0:amd64.
2026-07-27T15:21:33.1263720Z Preparing to unpack .../061-libwayland-server0_1.22.0-2.1build1_amd64.deb ...
2026-07-27T15:21:33.1272597Z Unpacking libwayland-server0:amd64 (1.22.0-2.1build1) ...
2026-07-27T15:21:33.1476176Z Selecting previously unselected package libwayland-bin.
2026-07-27T15:21:33.1600233Z Preparing to unpack .../062-libwayland-bin_1.22.0-2.1build1_amd64.deb ...
2026-07-27T15:21:33.1608655Z Unpacking libwayland-bin (1.22.0-2.1build1) ...
2026-07-27T15:21:33.1808293Z Selecting previously unselected package libwayland-dev:amd64.
2026-07-27T15:21:33.1933183Z Preparing to unpack .../063-libwayland-dev_1.22.0-2.1build1_amd64.deb ...
2026-07-27T15:21:33.1941501Z Unpacking libwayland-dev:amd64 (1.22.0-2.1build1) ...
2026-07-27T15:21:33.2187227Z Selecting previously unselected package libdecor-0-dev:amd64.
2026-07-27T15:21:33.2311586Z Preparing to unpack .../064-libdecor-0-dev_0.2.2-1build2_amd64.deb ...
2026-07-27T15:21:33.2321056Z Unpacking libdecor-0-dev:amd64 (0.2.2-1build2) ...
2026-07-27T15:21:33.2514092Z Selecting previously unselected package libdecor-0-plugin-1-gtk:amd64.
2026-07-27T15:21:33.2639678Z Preparing to unpack .../065-libdecor-0-plugin-1-gtk_0.2.2-1build2_amd64.deb ...
2026-07-27T15:21:33.2649135Z Unpacking libdecor-0-plugin-1-gtk:amd64 (0.2.2-1build2) ...
2026-07-27T15:21:33.2852710Z Selecting previously unselected package libdrm-radeon1:amd64.
2026-07-27T15:21:33.2977103Z Preparing to unpack .../066-libdrm-radeon1_2.4.125-1ubuntu0.1~24.04.2_amd64.deb ...
2026-07-27T15:21:33.2987560Z Unpacking libdrm-radeon1:amd64 (2.4.125-1ubuntu0.1~24.04.2) ...
2026-07-27T15:21:33.3190499Z Selecting previously unselected package libdrm-nouveau2:amd64.
2026-07-27T15:21:33.3312898Z Preparing to unpack .../067-libdrm-nouveau2_2.4.125-1ubuntu0.1~24.04.2_amd64.deb ...
2026-07-27T15:21:33.3321894Z Unpacking libdrm-nouveau2:amd64 (2.4.125-1ubuntu0.1~24.04.2) ...
2026-07-27T15:21:33.3516565Z Selecting previously unselected package libpciaccess-dev:amd64.
2026-07-27T15:21:33.3637930Z Preparing to unpack .../068-libpciaccess-dev_0.17-3ubuntu0.24.04.2_amd64.deb ...
2026-07-27T15:21:33.3646047Z Unpacking libpciaccess-dev:amd64 (0.17-3ubuntu0.24.04.2) ...
2026-07-27T15:21:33.3856500Z Selecting previously unselected package libdrm-dev:amd64.
2026-07-27T15:21:33.3981318Z Preparing to unpack .../069-libdrm-dev_2.4.125-1ubuntu0.1~24.04.2_amd64.deb ...
2026-07-27T15:21:33.3989119Z Unpacking libdrm-dev:amd64 (2.4.125-1ubuntu0.1~24.04.2) ...
2026-07-27T15:21:33.4358550Z Selecting previously unselected package libegl-mesa0:amd64.
2026-07-27T15:21:33.4483695Z Preparing to unpack .../070-libegl-mesa0_25.2.8-0ubuntu0.24.04.2_amd64.deb ...
2026-07-27T15:21:33.4491599Z Unpacking libegl-mesa0:amd64 (25.2.8-0ubuntu0.24.04.2) ...
2026-07-27T15:21:33.4717642Z Selecting previously unselected package libegl1:amd64.
2026-07-27T15:21:33.4841859Z Preparing to unpack .../071-libegl1_1.7.0-1build1_amd64.deb ...
2026-07-27T15:21:33.4850285Z Unpacking libegl1:amd64 (1.7.0-1build1) ...
2026-07-27T15:21:33.5105014Z Selecting previously unselected package xorg-sgml-doctools.
2026-07-27T15:21:33.5228234Z Preparing to unpack .../072-xorg-sgml-doctools_1%3a1.11-1.1_all.deb ...
2026-07-27T15:21:33.5237226Z Unpacking xorg-sgml-doctools (1:1.11-1.1) ...
2026-07-27T15:21:33.5476342Z Selecting previously unselected package x11proto-dev.
2026-07-27T15:21:33.5602175Z Preparing to unpack .../073-x11proto-dev_2023.2-1_all.deb ...
2026-07-27T15:21:33.5611652Z Unpacking x11proto-dev (2023.2-1) ...
2026-07-27T15:21:33.6142767Z Selecting previously unselected package libxau-dev:amd64.
2026-07-27T15:21:33.6270390Z Preparing to unpack .../074-libxau-dev_1%3a1.0.9-1build6_amd64.deb ...
2026-07-27T15:21:33.6279633Z Unpacking libxau-dev:amd64 (1:1.0.9-1build6) ...
2026-07-27T15:21:33.6511328Z Selecting previously unselected package libxdmcp-dev:amd64.
2026-07-27T15:21:33.6634169Z Preparing to unpack .../075-libxdmcp-dev_1%3a1.1.3-0ubuntu6_amd64.deb ...
2026-07-27T15:21:33.6642547Z Unpacking libxdmcp-dev:amd64 (1:1.1.3-0ubuntu6) ...
2026-07-27T15:21:33.6844418Z Selecting previously unselected package xtrans-dev.
2026-07-27T15:21:33.6974399Z Preparing to unpack .../076-xtrans-dev_1.4.0-1_all.deb ...
2026-07-27T15:21:33.6985247Z Unpacking xtrans-dev (1.4.0-1) ...
2026-07-27T15:21:33.7232416Z Selecting previously unselected package libpthread-stubs0-dev:amd64.
2026-07-27T15:21:33.7362725Z Preparing to unpack .../077-libpthread-stubs0-dev_0.4-1build3_amd64.deb ...
2026-07-27T15:21:33.7371118Z Unpacking libpthread-stubs0-dev:amd64 (0.4-1build3) ...
2026-07-27T15:21:33.7561350Z Selecting previously unselected package libxcb1-dev:amd64.
2026-07-27T15:21:33.7687410Z Preparing to unpack .../078-libxcb1-dev_1.15-1ubuntu2_amd64.deb ...
2026-07-27T15:21:33.7696512Z Unpacking libxcb1-dev:amd64 (1.15-1ubuntu2) ...
2026-07-27T15:21:33.7916777Z Selecting previously unselected package libx11-dev:amd64.
2026-07-27T15:21:33.8041841Z Preparing to unpack .../079-libx11-dev_2%3a1.8.7-1build1_amd64.deb ...
2026-07-27T15:21:33.8050551Z Unpacking libx11-dev:amd64 (2:1.8.7-1build1) ...
2026-07-27T15:21:33.8383295Z Selecting previously unselected package libglx-dev:amd64.
2026-07-27T15:21:33.8509473Z Preparing to unpack .../080-libglx-dev_1.7.0-1build1_amd64.deb ...
2026-07-27T15:21:33.8517520Z Unpacking libglx-dev:amd64 (1.7.0-1build1) ...
2026-07-27T15:21:33.8717778Z Selecting previously unselected package libgl-dev:amd64.
2026-07-27T15:21:33.8842099Z Preparing to unpack .../081-libgl-dev_1.7.0-1build1_amd64.deb ...
2026-07-27T15:21:33.8852438Z Unpacking libgl-dev:amd64 (1.7.0-1build1) ...
2026-07-27T15:21:33.9209327Z Selecting previously unselected package libegl-dev:amd64.
2026-07-27T15:21:33.9332043Z Preparing to unpack .../082-libegl-dev_1.7.0-1build1_amd64.deb ...
2026-07-27T15:21:33.9341310Z Unpacking libegl-dev:amd64 (1.7.0-1build1) ...
2026-07-27T15:21:33.9567340Z Selecting previously unselected package libflac12t64:amd64.
2026-07-27T15:21:33.9690484Z Preparing to unpack .../083-libflac12t64_1.4.3+ds-2.1ubuntu2_amd64.deb ...
2026-07-27T15:21:33.9699107Z Unpacking libflac12t64:amd64 (1.4.3+ds-2.1ubuntu2) ...
2026-07-27T15:21:33.9912908Z Selecting previously unselected package libgbm-dev:amd64.
2026-07-27T15:21:34.0036026Z Preparing to unpack .../084-libgbm-dev_25.2.8-0ubuntu0.24.04.2_amd64.deb ...
2026-07-27T15:21:34.0046224Z Unpacking libgbm-dev:amd64 (25.2.8-0ubuntu0.24.04.2) ...
2026-07-27T15:21:34.0282765Z Selecting previously unselected package libgirepository-2.0-0:amd64.
2026-07-27T15:21:34.0405172Z Preparing to unpack .../085-libgirepository-2.0-0_2.80.0-6ubuntu3.8_amd64.deb ...
2026-07-27T15:21:34.0416843Z Unpacking libgirepository-2.0-0:amd64 (2.80.0-6ubuntu3.8) ...
2026-07-27T15:21:34.0643918Z Selecting previously unselected package libgles1:amd64.
2026-07-27T15:21:34.0770392Z Preparing to unpack .../086-libgles1_1.7.0-1build1_amd64.deb ...
2026-07-27T15:21:34.0780284Z Unpacking libgles1:amd64 (1.7.0-1build1) ...
2026-07-27T15:21:34.1009058Z Selecting previously unselected package libgles2:amd64.
2026-07-27T15:21:34.1135468Z Preparing to unpack .../087-libgles2_1.7.0-1build1_amd64.deb ...
2026-07-27T15:21:34.1144065Z Unpacking libgles2:amd64 (1.7.0-1build1) ...
2026-07-27T15:21:34.1346871Z Selecting previously unselected package libgles-dev:amd64.
2026-07-27T15:21:34.1471622Z Preparing to unpack .../088-libgles-dev_1.7.0-1build1_amd64.deb ...
2026-07-27T15:21:34.1480348Z Unpacking libgles-dev:amd64 (1.7.0-1build1) ...
2026-07-27T15:21:34.1727111Z Selecting previously unselected package libglib2.0-dev-bin.
2026-07-27T15:21:34.1850006Z Preparing to unpack .../089-libglib2.0-dev-bin_2.80.0-6ubuntu3.8_amd64.deb ...
2026-07-27T15:21:34.1859637Z Unpacking libglib2.0-dev-bin (2.80.0-6ubuntu3.8) ...
2026-07-27T15:21:34.2165798Z Selecting previously unselected package uuid-dev:amd64.
2026-07-27T15:21:34.2289466Z Preparing to unpack .../090-uuid-dev_2.39.3-9ubuntu6.5_amd64.deb ...
2026-07-27T15:21:34.2298314Z Unpacking uuid-dev:amd64 (2.39.3-9ubuntu6.5) ...
2026-07-27T15:21:34.2540121Z Selecting previously unselected package libblkid-dev:amd64.
2026-07-27T15:21:34.2663038Z Preparing to unpack .../091-libblkid-dev_2.39.3-9ubuntu6.5_amd64.deb ...
2026-07-27T15:21:34.2672853Z Unpacking libblkid-dev:amd64 (2.39.3-9ubuntu6.5) ...
2026-07-27T15:21:34.2908950Z Selecting previously unselected package libsepol-dev:amd64.
2026-07-27T15:21:34.3031784Z Preparing to unpack .../092-libsepol-dev_3.5-2build1_amd64.deb ...
2026-07-27T15:21:34.3039882Z Unpacking libsepol-dev:amd64 (3.5-2build1) ...
2026-07-27T15:21:34.3362442Z Selecting previously unselected package libselinux1-dev:amd64.
2026-07-27T15:21:34.3488052Z Preparing to unpack .../093-libselinux1-dev_3.5-2ubuntu2.1_amd64.deb ...
2026-07-27T15:21:34.3496211Z Unpacking libselinux1-dev:amd64 (3.5-2ubuntu2.1) ...
2026-07-27T15:21:34.3960264Z Selecting previously unselected package libmount-dev:amd64.
2026-07-27T15:21:34.4090207Z Preparing to unpack .../094-libmount-dev_2.39.3-9ubuntu6.5_amd64.deb ...
2026-07-27T15:21:34.4098175Z Unpacking libmount-dev:amd64 (2.39.3-9ubuntu6.5) ...
2026-07-27T15:21:34.4296064Z Selecting previously unselected package libglib2.0-dev:amd64.
2026-07-27T15:21:34.4421102Z Preparing to unpack .../095-libglib2.0-dev_2.80.0-6ubuntu3.8_amd64.deb ...
2026-07-27T15:21:34.4429046Z Unpacking libglib2.0-dev:amd64 (2.80.0-6ubuntu3.8) ...
2026-07-27T15:21:34.5500297Z Selecting previously unselected package libibus-1.0-dev:amd64.
2026-07-27T15:21:34.5629678Z Preparing to unpack .../096-libibus-1.0-dev_1.5.29-2_amd64.deb ...
2026-07-27T15:21:34.5641604Z Unpacking libibus-1.0-dev:amd64 (1.5.29-2) ...
2026-07-27T15:21:34.5976655Z Selecting previously unselected package libice-dev:amd64.
2026-07-27T15:21:34.6103180Z Preparing to unpack .../097-libice-dev_2%3a1.0.10-1build3_amd64.deb ...
2026-07-27T15:21:34.6110693Z Unpacking libice-dev:amd64 (2:1.0.10-1build3) ...
2026-07-27T15:21:34.6336099Z Selecting previously unselected package libsndfile1:amd64.
2026-07-27T15:21:34.6463541Z Preparing to unpack .../098-libsndfile1_1.2.2-1ubuntu5.24.04.1_amd64.deb ...
2026-07-27T15:21:34.6472544Z Unpacking libsndfile1:amd64 (1.2.2-1ubuntu5.24.04.1) ...
2026-07-27T15:21:34.6717049Z Selecting previously unselected package libpulse0:amd64.
2026-07-27T15:21:34.6846037Z Preparing to unpack .../099-libpulse0_1%3a16.1+dfsg1-2ubuntu10.1_amd64.deb ...
2026-07-27T15:21:34.6912797Z Unpacking libpulse0:amd64 (1:16.1+dfsg1-2ubuntu10.1) ...
2026-07-27T15:21:34.7182176Z Selecting previously unselected package libpulse-mainloop-glib0:amd64.
2026-07-27T15:21:34.7311777Z Preparing to unpack .../100-libpulse-mainloop-glib0_1%3a16.1+dfsg1-2ubuntu10.1_amd64.deb ...
2026-07-27T15:21:34.7320425Z Unpacking libpulse-mainloop-glib0:amd64 (1:16.1+dfsg1-2ubuntu10.1) ...
2026-07-27T15:21:34.7513599Z Selecting previously unselected package libpulse-dev:amd64.
2026-07-27T15:21:34.7641572Z Preparing to unpack .../101-libpulse-dev_1%3a16.1+dfsg1-2ubuntu10.1_amd64.deb ...
2026-07-27T15:21:34.7651069Z Unpacking libpulse-dev:amd64 (1:16.1+dfsg1-2ubuntu10.1) ...
2026-07-27T15:21:34.7933938Z Selecting previously unselected package librsvg2-common:amd64.
2026-07-27T15:21:34.8060589Z Preparing to unpack .../102-librsvg2-common_2.58.0+dfsg-1build1_amd64.deb ...
2026-07-27T15:21:34.8069286Z Unpacking librsvg2-common:amd64 (2.58.0+dfsg-1build1) ...
2026-07-27T15:21:34.8308643Z Selecting previously unselected package libsamplerate0:amd64.
2026-07-27T15:21:34.8435829Z Preparing to unpack .../103-libsamplerate0_0.2.2-4build1_amd64.deb ...
2026-07-27T15:21:34.8443894Z Unpacking libsamplerate0:amd64 (0.2.2-4build1) ...
2026-07-27T15:21:34.8699895Z Selecting previously unselected package libsamplerate0-dev:amd64.
2026-07-27T15:21:34.8826517Z Preparing to unpack .../104-libsamplerate0-dev_0.2.2-4build1_amd64.deb ...
2026-07-27T15:21:34.8842620Z Unpacking libsamplerate0-dev:amd64 (0.2.2-4build1) ...
2026-07-27T15:21:34.9088463Z Selecting previously unselected package libsdl2-2.0-0:amd64.
2026-07-27T15:21:34.9213444Z Preparing to unpack .../105-libsdl2-2.0-0_2.30.0+dfsg-1ubuntu3.1_amd64.deb ...
2026-07-27T15:21:34.9222389Z Unpacking libsdl2-2.0-0:amd64 (2.30.0+dfsg-1ubuntu3.1) ...
2026-07-27T15:21:34.9505374Z Selecting previously unselected package libsndio7.0:amd64.
2026-07-27T15:21:34.9630200Z Preparing to unpack .../106-libsndio7.0_1.9.0-0.3build3_amd64.deb ...
2026-07-27T15:21:34.9640645Z Unpacking libsndio7.0:amd64 (1.9.0-0.3build3) ...
2026-07-27T15:21:34.9834366Z Selecting previously unselected package libsndio-dev:amd64.
2026-07-27T15:21:34.9957208Z Preparing to unpack .../107-libsndio-dev_1.9.0-0.3build3_amd64.deb ...
2026-07-27T15:21:34.9967272Z Unpacking libsndio-dev:amd64 (1.9.0-0.3build3) ...
2026-07-27T15:21:35.0192186Z Selecting previously unselected package libudev-dev:amd64.
2026-07-27T15:21:35.0314133Z Preparing to unpack .../108-libudev-dev_255.4-1ubuntu8.16_amd64.deb ...
2026-07-27T15:21:35.0322781Z Unpacking libudev-dev:amd64 (255.4-1ubuntu8.16) ...
2026-07-27T15:21:35.0582010Z Selecting previously unselected package libxrender-dev:amd64.
2026-07-27T15:21:35.0705922Z Preparing to unpack .../109-libxrender-dev_1%3a0.9.10-1.1build1_amd64.deb ...
2026-07-27T15:21:35.0713690Z Unpacking libxrender-dev:amd64 (1:0.9.10-1.1build1) ...
2026-07-27T15:21:35.0918983Z Selecting previously unselected package libxfixes-dev:amd64.
2026-07-27T15:21:35.1040984Z Preparing to unpack .../110-libxfixes-dev_1%3a6.0.0-2build1_amd64.deb ...
2026-07-27T15:21:35.1052329Z Unpacking libxfixes-dev:amd64 (1:6.0.0-2build1) ...
2026-07-27T15:21:35.1253911Z Selecting previously unselected package libxcursor-dev:amd64.
2026-07-27T15:21:35.1376602Z Preparing to unpack .../111-libxcursor-dev_1%3a1.2.1-1build1_amd64.deb ...
2026-07-27T15:21:35.1385315Z Unpacking libxcursor-dev:amd64 (1:1.2.1-1build1) ...
2026-07-27T15:21:35.1639865Z Selecting previously unselected package libxext-dev:amd64.
2026-07-27T15:21:35.1765348Z Preparing to unpack .../112-libxext-dev_2%3a1.3.4-1build2_amd64.deb ...
2026-07-27T15:21:35.1772937Z Unpacking libxext-dev:amd64 (2:1.3.4-1build2) ...
2026-07-27T15:21:35.2077931Z Selecting previously unselected package libxi-dev:amd64.
2026-07-27T15:21:35.2202648Z Preparing to unpack .../113-libxi-dev_2%3a1.8.1-1build1_amd64.deb ...
2026-07-27T15:21:35.2210920Z Unpacking libxi-dev:amd64 (2:1.8.1-1build1) ...
2026-07-27T15:21:35.2547312Z Selecting previously unselected package libxinerama-dev:amd64.
2026-07-27T15:21:35.2673487Z Preparing to unpack .../114-libxinerama-dev_2%3a1.1.4-3build1_amd64.deb ...
2026-07-27T15:21:35.2682167Z Unpacking libxinerama-dev:amd64 (2:1.1.4-3build1) ...
2026-07-27T15:21:35.2885451Z Selecting previously unselected package libxkbcommon-dev:amd64.
2026-07-27T15:21:35.3009125Z Preparing to unpack .../115-libxkbcommon-dev_1.6.0-1build1_amd64.deb ...
2026-07-27T15:21:35.3018993Z Unpacking libxkbcommon-dev:amd64 (1.6.0-1build1) ...
2026-07-27T15:21:35.3233524Z Selecting previously unselected package libxrandr-dev:amd64.
2026-07-27T15:21:35.3360554Z Preparing to unpack .../116-libxrandr-dev_2%3a1.5.2-2build1_amd64.deb ...
2026-07-27T15:21:35.3368591Z Unpacking libxrandr-dev:amd64 (2:1.5.2-2build1) ...
2026-07-27T15:21:35.3588556Z Selecting previously unselected package libxss-dev:amd64.
2026-07-27T15:21:35.3715654Z Preparing to unpack .../117-libxss-dev_1%3a1.2.3-1build3_amd64.deb ...
2026-07-27T15:21:35.3725811Z Unpacking libxss-dev:amd64 (1:1.2.3-1build3) ...
2026-07-27T15:21:35.3937277Z Selecting previously unselected package libsm-dev:amd64.
2026-07-27T15:21:35.4062745Z Preparing to unpack .../118-libsm-dev_2%3a1.2.3-1build3_amd64.deb ...
2026-07-27T15:21:35.4073556Z Unpacking libsm-dev:amd64 (2:1.2.3-1build3) ...
2026-07-27T15:21:35.4284238Z Selecting previously unselected package libxt-dev:amd64.
2026-07-27T15:21:35.4409471Z Preparing to unpack .../119-libxt-dev_1%3a1.2.1-1.2build1_amd64.deb ...
2026-07-27T15:21:35.4420229Z Unpacking libxt-dev:amd64 (1:1.2.1-1.2build1) ...
2026-07-27T15:21:35.5004289Z Selecting previously unselected package libxv1:amd64.
2026-07-27T15:21:35.5129903Z Preparing to unpack .../120-libxv1_2%3a1.0.11-1.1build1_amd64.deb ...
2026-07-27T15:21:35.5144126Z Unpacking libxv1:amd64 (2:1.0.11-1.1build1) ...
2026-07-27T15:21:35.5337076Z Selecting previously unselected package libxv-dev:amd64.
2026-07-27T15:21:35.5460823Z Preparing to unpack .../121-libxv-dev_2%3a1.0.11-1.1build1_amd64.deb ...
2026-07-27T15:21:35.5469412Z Unpacking libxv-dev:amd64 (2:1.0.11-1.1build1) ...
2026-07-27T15:21:35.5717035Z Selecting previously unselected package libxxf86vm-dev:amd64.
2026-07-27T15:21:35.5840340Z Preparing to unpack .../122-libxxf86vm-dev_1%3a1.1.4-1build4_amd64.deb ...
2026-07-27T15:21:35.5848885Z Unpacking libxxf86vm-dev:amd64 (1:1.1.4-1build4) ...
2026-07-27T15:21:35.6087471Z Selecting previously unselected package libsdl2-dev:amd64.
2026-07-27T15:21:35.6217963Z Preparing to unpack .../123-libsdl2-dev_2.30.0+dfsg-1ubuntu3.1_amd64.deb ...
2026-07-27T15:21:35.6227029Z Unpacking libsdl2-dev:amd64 (2.30.0+dfsg-1ubuntu3.1) ...
2026-07-27T15:21:35.6785960Z Selecting previously unselected package mesa-va-drivers:amd64.
2026-07-27T15:21:35.6922244Z Preparing to unpack .../124-mesa-va-drivers_25.2.8-0ubuntu0.24.04.2_amd64.deb ...
2026-07-27T15:21:35.6931047Z Unpacking mesa-va-drivers:amd64 (25.2.8-0ubuntu0.24.04.2) ...
2026-07-27T15:21:35.7144942Z Selecting previously unselected package mesa-vdpau-drivers:amd64.
2026-07-27T15:21:35.7274833Z Preparing to unpack .../125-mesa-vdpau-drivers_25.2.8-0ubuntu0.24.04.2_amd64.deb ...
2026-07-27T15:21:35.7283322Z Unpacking mesa-vdpau-drivers:amd64 (25.2.8-0ubuntu0.24.04.2) ...
2026-07-27T15:21:35.7500641Z Selecting previously unselected package i965-va-driver:amd64.
2026-07-27T15:21:35.7631789Z Preparing to unpack .../126-i965-va-driver_2.4.1+dfsg1-1ubuntu0.2_amd64.deb ...
2026-07-27T15:21:35.7733608Z Unpacking i965-va-driver:amd64 (2.4.1+dfsg1-1ubuntu0.2) ...
2026-07-27T15:21:35.7987874Z Selecting previously unselected package va-driver-all:amd64.
2026-07-27T15:21:35.8114437Z Preparing to unpack .../127-va-driver-all_2.20.0-2ubuntu0.2_amd64.deb ...
2026-07-27T15:21:35.8123374Z Unpacking va-driver-all:amd64 (2.20.0-2ubuntu0.2) ...
2026-07-27T15:21:35.8314390Z Selecting previously unselected package vdpau-driver-all:amd64.
2026-07-27T15:21:35.8441603Z Preparing to unpack .../128-vdpau-driver-all_1.5-2build1_amd64.deb ...
2026-07-27T15:21:35.8450106Z Unpacking vdpau-driver-all:amd64 (1.5-2build1) ...
2026-07-27T15:21:35.8873303Z Setting up libgme0:amd64 (0.6.3-7build1) ...
2026-07-27T15:21:35.8920843Z Setting up libchromaprint1:amd64 (1.5.1-5) ...
2026-07-27T15:21:35.8946305Z Setting up libssh-gcrypt-4:amd64 (0.10.6-2ubuntu0.4) ...
2026-07-27T15:21:35.8969613Z Setting up libhwy1t64:amd64 (1.0.7-8.1build1) ...
2026-07-27T15:21:35.8989814Z Setting up libglib2.0-dev-bin (2.80.0-6ubuntu3.8) ...
2026-07-27T15:21:36.0580830Z Setting up libudfread0:amd64 (1.1.2-1build1) ...
2026-07-27T15:21:36.0603049Z Setting up libwayland-server0:amd64 (1.22.0-2.1build1) ...
2026-07-27T15:21:36.0632262Z Setting up libdrm-nouveau2:amd64 (2.4.125-1ubuntu0.1~24.04.2) ...
2026-07-27T15:21:36.0658506Z Setting up libpciaccess-dev:amd64 (0.17-3ubuntu0.24.04.2) ...
2026-07-27T15:21:36.0684071Z Setting up libspeex1:amd64 (1.2.1-2ubuntu2.24.04.1) ...
2026-07-27T15:21:36.0703265Z Setting up libshine3:amd64 (3.1.1-2build1) ...
2026-07-27T15:21:36.0725362Z Setting up libvpl2 (2023.3.0-1build1) ...
2026-07-27T15:21:36.0747521Z Setting up libx264-164:amd64 (2:0.164.3108+git31e19f9-1) ...
2026-07-27T15:21:36.0770263Z Setting up libtwolame0:amd64 (0.4.0-2build3) ...
2026-07-27T15:21:36.0790794Z Setting up libmbedcrypto7t64:amd64 (2.28.8-1) ...
2026-07-27T15:21:36.0811036Z Setting up libgsm1:amd64 (1.0.22-1build1) ...
2026-07-27T15:21:36.0837181Z Setting up libgirepository-2.0-0:amd64 (2.80.0-6ubuntu3.8) ...
2026-07-27T15:21:36.0858732Z Setting up libsoxr0:amd64 (0.1.3-4build3) ...
2026-07-27T15:21:36.0879065Z Setting up libdrm-radeon1:amd64 (2.4.125-1ubuntu0.1~24.04.2) ...
2026-07-27T15:21:36.0900924Z Setting up libcodec2-1.2:amd64 (1.2.0-2build1) ...
2026-07-27T15:21:36.0922187Z Setting up libxkbcommon-dev:amd64 (1.6.0-1build1) ...
2026-07-27T15:21:36.0945171Z Setting up libibus-1.0-5:amd64 (1.5.29-2) ...
2026-07-27T15:21:36.0965639Z Setting up libsvtav1enc1d1:amd64 (1.7.0+dfsg-2build1) ...
2026-07-27T15:21:36.0987819Z Setting up libigdgmm12:amd64 (22.3.17+ds1-1ubuntu1) ...
2026-07-27T15:21:36.1009702Z Setting up libmpg123-0t64:amd64 (1.32.5-1ubuntu1.1) ...
2026-07-27T15:21:36.1031381Z Setting up libcjson1:amd64 (1.7.17-1) ...
2026-07-27T15:21:36.1051500Z Setting up libxvidcore4:amd64 (2:1.3.7-1build1) ...
2026-07-27T15:21:36.1074398Z Setting up libpthread-stubs0-dev:amd64 (0.4-1build3) ...
2026-07-27T15:21:36.1099967Z Setting up libgbm-dev:amd64 (25.2.8-0ubuntu0.24.04.2) ...
2026-07-27T15:21:36.1123423Z Setting up librav1e0:amd64 (0.7.1-2) ...
2026-07-27T15:21:36.1147836Z Setting up librist4:amd64 (0.2.10+dfsg-2) ...
2026-07-27T15:21:36.1168689Z Setting up librsvg2-2:amd64 (2.58.0+dfsg-1build1) ...
2026-07-27T15:21:36.1191353Z Setting up xtrans-dev (1.4.0-1) ...
2026-07-27T15:21:36.1212245Z Setting up libwayland-bin (1.22.0-2.1build1) ...
2026-07-27T15:21:36.1239487Z Setting up libegl-mesa0:amd64 (25.2.8-0ubuntu0.24.04.2) ...
2026-07-27T15:21:36.1261885Z Setting up libgles2:amd64 (1.7.0-1build1) ...
2026-07-27T15:21:36.1282729Z Setting up libva2:amd64 (2.20.0-2ubuntu0.2) ...
2026-07-27T15:21:36.1304217Z Setting up libdbus-1-dev:amd64 (1.14.10-4ubuntu4.1) ...
2026-07-27T15:21:36.2946488Z Setting up uuid-dev:amd64 (2.39.3-9ubuntu6.5) ...
2026-07-27T15:21:36.2970340Z Setting up libgles1:amd64 (1.7.0-1build1) ...
2026-07-27T15:21:36.2997065Z Setting up libopus0:amd64 (1.4-1build1) ...
2026-07-27T15:21:36.3020280Z Setting up intel-media-va-driver:amd64 (24.1.0+dfsg1-1ubuntu0.2) ...
2026-07-27T15:21:36.3040592Z Setting up libxv1:amd64 (2:1.0.11-1.1build1) ...
2026-07-27T15:21:36.3065004Z Setting up libjsoncpp25:amd64 (1.9.5-6build1) ...
2026-07-27T15:21:36.3086284Z Setting up libudev-dev:amd64 (255.4-1ubuntu8.16) ...
2026-07-27T15:21:36.3106825Z Setting up libsepol-dev:amd64 (3.5-2build1) ...
2026-07-27T15:21:36.3137152Z Setting up libaacs0:amd64 (0.11.1-2build1) ...
2026-07-27T15:21:36.3159109Z Setting up libjxl0.7:amd64 (0.7.0-10.2ubuntu6.1) ...
2026-07-27T15:21:36.3182725Z Setting up librsvg2-common:amd64 (2.58.0+dfsg-1build1) ...
2026-07-27T15:21:36.3242374Z Setting up libx265-199:amd64 (3.5-2build1) ...
2026-07-27T15:21:36.3266382Z Setting up libsndio7.0:amd64 (1.9.0-0.3build3) ...
2026-07-27T15:21:36.3292391Z Setting up libbdplus0:amd64 (0.2.0-3build1) ...
2026-07-27T15:21:36.3333348Z Setting up libvpx9:amd64 (1.14.0-1ubuntu2.3) ...
2026-07-27T15:21:36.3355991Z Setting up libsrt1.5-gnutls:amd64 (1.5.3-1build2) ...
2026-07-27T15:21:36.3379700Z Setting up libdav1d7:amd64 (1.4.1-1build1) ...
2026-07-27T15:21:36.3404121Z Setting up libva-drm2:amd64 (2.20.0-2ubuntu0.2) ...
2026-07-27T15:21:36.3426412Z Setting up ocl-icd-libopencl1:amd64 (2.3.2-1build1) ...
2026-07-27T15:21:36.3449268Z Setting up libasyncns0:amd64 (0.8-6build4) ...
2026-07-27T15:21:36.3469987Z Setting up libvdpau1:amd64 (1.5-2build1) ...
2026-07-27T15:21:36.3499377Z Setting up librhash0:amd64 (1.4.3-3build1) ...
2026-07-27T15:21:36.3519347Z Setting up libtheora0:amd64 (1.1.1+dfsg.1-16.1build3) ...
2026-07-27T15:21:36.3545379Z Setting up libegl1:amd64 (1.7.0-1build1) ...
2026-07-27T15:21:36.3566426Z Setting up libdecor-0-0:amd64 (0.2.2-1build2) ...
2026-07-27T15:21:36.3589848Z Setting up xorg-sgml-doctools (1:1.11-1.1) ...
2026-07-27T15:21:36.3614277Z Setting up cmake-data (3.28.3-1build7) ...
2026-07-27T15:21:36.3680445Z Setting up libflac12t64:amd64 (1.4.3+ds-2.1ubuntu2) ...
2026-07-27T15:21:36.3704821Z Setting up mesa-va-drivers:amd64 (25.2.8-0ubuntu0.24.04.2) ...
2026-07-27T15:21:36.3728452Z Setting up libasound2-dev:amd64 (1.2.11-1ubuntu0.3) ...
2026-07-27T15:21:36.3760080Z Setting up libbluray2:amd64 (1:1.3.4-1build1) ...
2026-07-27T15:21:36.3785175Z Setting up libsamplerate0:amd64 (0.2.2-4build1) ...
2026-07-27T15:21:36.3806666Z Setting up libva-x11-2:amd64 (2.20.0-2ubuntu0.2) ...
2026-07-27T15:21:36.3827646Z Setting up gir1.2-ibus-1.0:amd64 (1.5.29-2) ...
2026-07-27T15:21:36.3853024Z Setting up libdecor-0-plugin-1-gtk:amd64 (0.2.2-1build2) ...
2026-07-27T15:21:36.3873989Z Setting up libopenmpt0t64:amd64 (0.7.3-1.1build3) ...
2026-07-27T15:21:36.3900175Z Setting up libzvbi-common (0.2.42-2) ...
2026-07-27T15:21:36.3946698Z Setting up libmp3lame0:amd64 (3.100-6build1) ...
2026-07-27T15:21:36.3969237Z Setting up i965-va-driver:amd64 (2.4.1+dfsg1-1ubuntu0.2) ...
2026-07-27T15:21:36.3989790Z Setting up libvorbisenc2:amd64 (1.3.7-1build3) ...
2026-07-27T15:21:36.4013678Z Setting up mesa-vdpau-drivers:amd64 (25.2.8-0ubuntu0.24.04.2) ...
2026-07-27T15:21:36.4035730Z Setting up libblkid-dev:amd64 (2.39.3-9ubuntu6.5) ...
2026-07-27T15:21:36.4056301Z Setting up libdrm-dev:amd64 (2.4.125-1ubuntu0.1~24.04.2) ...
2026-07-27T15:21:36.4079674Z Setting up libsndio-dev:amd64 (1.9.0-0.3build3) ...
2026-07-27T15:21:36.4101165Z Setting up libzvbi0t64:amd64 (0.2.42-2) ...
2026-07-27T15:21:36.4122628Z Setting up libselinux1-dev:amd64 (3.5-2ubuntu2.1) ...
2026-07-27T15:21:36.4253082Z Setting up libsamplerate0-dev:amd64 (0.2.2-4build1) ...
2026-07-27T15:21:36.4274288Z Setting up libavutil58:amd64 (7:6.1.1-3ubuntu5) ...
2026-07-27T15:21:36.4296470Z Setting up libwayland-dev:amd64 (1.22.0-2.1build1) ...
2026-07-27T15:21:36.4320045Z Setting up libdecor-0-dev:amd64 (0.2.2-1build2) ...
2026-07-27T15:21:36.4347788Z Setting up libswresample4:amd64 (7:6.1.1-3ubuntu5) ...
2026-07-27T15:21:36.4370063Z Setting up va-driver-all:amd64 (2.20.0-2ubuntu0.2) ...
2026-07-27T15:21:36.4396430Z Setting up libavcodec60:amd64 (7:6.1.1-3ubuntu5) ...
2026-07-27T15:21:36.4422811Z Setting up vdpau-driver-all:amd64 (1.5-2build1) ...
2026-07-27T15:21:36.4444603Z Setting up cmake (3.28.3-1build7) ...
2026-07-27T15:21:36.4466371Z Setting up libsndfile1:amd64 (1.2.2-1ubuntu5.24.04.1) ...
2026-07-27T15:21:36.4492761Z Setting up libmount-dev:amd64 (2.39.3-9ubuntu6.5) ...
2026-07-27T15:21:36.4514400Z Setting up libavutil-dev:amd64 (7:6.1.1-3ubuntu5) ...
2026-07-27T15:21:36.4536376Z Setting up libpulse0:amd64 (1:16.1+dfsg1-2ubuntu10.1) ...
2026-07-27T15:21:36.4622358Z Setting up libswresample-dev:amd64 (7:6.1.1-3ubuntu5) ...
2026-07-27T15:21:36.4643460Z Setting up libavcodec-dev:amd64 (7:6.1.1-3ubuntu5) ...
2026-07-27T15:21:36.4662898Z Setting up libavformat60:amd64 (7:6.1.1-3ubuntu5) ...
2026-07-27T15:21:36.4687712Z Setting up libglib2.0-dev:amd64 (2.80.0-6ubuntu3.8) ...
2026-07-27T15:21:36.4710433Z Setting up libpulse-mainloop-glib0:amd64 (1:16.1+dfsg1-2ubuntu10.1) ...
2026-07-27T15:21:36.4730931Z Setting up libsdl2-2.0-0:amd64 (2.30.0+dfsg-1ubuntu3.1) ...
2026-07-27T15:21:36.4754027Z Setting up libavformat-dev:amd64 (7:6.1.1-3ubuntu5) ...
2026-07-27T15:21:36.4896869Z Processing triggers for man-db (2.12.0-4build2) ...
2026-07-27T15:21:36.4919560Z Not building database; man-db/auto-update is not 'true'.
2026-07-27T15:21:36.4941808Z Processing triggers for libglib2.0-0t64:amd64 (2.80.0-6ubuntu3.8) ...
2026-07-27T15:21:36.5048843Z Setting up libpulse-dev:amd64 (1:16.1+dfsg1-2ubuntu10.1) ...
2026-07-27T15:21:36.5080121Z Processing triggers for libgdk-pixbuf-2.0-0:amd64 (2.42.10+dfsg-3ubuntu3.3) ...
2026-07-27T15:21:36.7416135Z Processing triggers for sgml-base (1.31) ...
2026-07-27T15:21:36.7662765Z Setting up x11proto-dev (2023.2-1) ...
2026-07-27T15:21:36.7689154Z Setting up libxau-dev:amd64 (1:1.0.9-1build6) ...
2026-07-27T15:21:36.7723433Z Setting up libice-dev:amd64 (2:1.0.10-1build3) ...
2026-07-27T15:21:36.7751277Z Setting up libsm-dev:amd64 (2:1.2.3-1build3) ...
2026-07-27T15:21:36.7777708Z Processing triggers for libc-bin (2.39-0ubuntu8.7) ...
2026-07-27T15:21:36.8136054Z Setting up libibus-1.0-dev:amd64 (1.5.29-2) ...
2026-07-27T15:21:36.8163406Z Setting up libxdmcp-dev:amd64 (1:1.1.3-0ubuntu6) ...
2026-07-27T15:21:36.8211786Z Setting up libxcb1-dev:amd64 (1.15-1ubuntu2) ...
2026-07-27T15:21:36.8252470Z Setting up libx11-dev:amd64 (2:1.8.7-1build1) ...
2026-07-27T15:21:36.8277321Z Setting up libxfixes-dev:amd64 (1:6.0.0-2build1) ...
2026-07-27T15:21:36.8304301Z Setting up libxt-dev:amd64 (1:1.2.1-1.2build1) ...
2026-07-27T15:21:36.8328855Z Setting up libxext-dev:amd64 (2:1.3.4-1build2) ...
2026-07-27T15:21:36.8354267Z Setting up libglx-dev:amd64 (1.7.0-1build1) ...
2026-07-27T15:21:36.8382824Z Setting up libxi-dev:amd64 (2:1.8.1-1build1) ...
2026-07-27T15:21:36.8406490Z Setting up libxrender-dev:amd64 (1:0.9.10-1.1build1) ...
2026-07-27T15:21:36.8431388Z Setting up libgl-dev:amd64 (1.7.0-1build1) ...
2026-07-27T15:21:36.8470085Z Setting up libegl-dev:amd64 (1.7.0-1build1) ...
2026-07-27T15:21:36.8499666Z Setting up libxcursor-dev:amd64 (1:1.2.1-1build1) ...
2026-07-27T15:21:36.8525319Z Setting up libxxf86vm-dev:amd64 (1:1.1.4-1build4) ...
2026-07-27T15:21:36.8548402Z Setting up libxss-dev:amd64 (1:1.2.3-1build3) ...
2026-07-27T15:21:36.8578693Z Setting up libxv-dev:amd64 (2:1.0.11-1.1build1) ...
2026-07-27T15:21:36.8602836Z Setting up libxrandr-dev:amd64 (2:1.5.2-2build1) ...
2026-07-27T15:21:36.8627021Z Setting up libxinerama-dev:amd64 (2:1.1.4-3build1) ...
2026-07-27T15:21:36.8657653Z Setting up libgles-dev:amd64 (1.7.0-1build1) ...
2026-07-27T15:21:36.8692675Z Setting up libsdl2-dev:amd64 (2.30.0+dfsg-1ubuntu3.1) ...
2026-07-27T15:21:37.4988788Z 
2026-07-27T15:21:37.4989416Z Running kernel seems to be up-to-date.
2026-07-27T15:21:37.4989914Z 
2026-07-27T15:21:37.4990134Z No services need to be restarted.
2026-07-27T15:21:37.4990505Z 
2026-07-27T15:21:37.4990739Z No containers need to be restarted.
2026-07-27T15:21:37.4991121Z 
2026-07-27T15:21:37.4991375Z No user sessions are running outdated binaries.
2026-07-27T15:21:37.4991872Z 
2026-07-27T15:21:37.4992286Z No VM guests are running outdated hypervisor (qemu) binaries on this host.
2026-07-27T15:21:38.2732392Z ##[group]Run cmake -B build -DCMAKE_BUILD_TYPE=Release
2026-07-27T15:21:38.2732852Z [36;1mcmake -B build -DCMAKE_BUILD_TYPE=Release[0m
2026-07-27T15:21:38.2733177Z [36;1mcmake --build build -j$(nproc)[0m
2026-07-27T15:21:38.2779388Z shell: /usr/bin/bash -e {0}
2026-07-27T15:21:38.2779646Z ##[endgroup]
2026-07-27T15:21:39.4038801Z -- The C compiler identification is GNU 13.3.0
2026-07-27T15:21:40.7054849Z -- The CXX compiler identification is GNU 13.3.0
2026-07-27T15:21:40.8388805Z -- Detecting C compiler ABI info
2026-07-27T15:21:41.0876533Z -- Detecting C compiler ABI info - done
2026-07-27T15:21:41.1045892Z -- Check for working C compiler: /usr/bin/cc - skipped
2026-07-27T15:21:41.1101786Z -- Detecting C compile features
2026-07-27T15:21:41.1109612Z -- Detecting C compile features - done
2026-07-27T15:21:41.1538120Z -- Detecting CXX compiler ABI info
2026-07-27T15:21:41.2796273Z -- Detecting CXX compiler ABI info - done
2026-07-27T15:21:41.2971019Z -- Check for working CXX compiler: /usr/bin/c++ - skipped
2026-07-27T15:21:41.2975098Z -- Detecting CXX compile features
2026-07-27T15:21:41.2982182Z -- Detecting CXX compile features - done
2026-07-27T15:21:41.3965727Z -- ftxui: system package not found, building from source
2026-07-27T15:21:49.5453937Z -- ┌─ FTXUI options ─────────────────────
2026-07-27T15:21:49.5455040Z -- │ FTXUI_ENABLE_INSTALL     : ON
2026-07-27T15:21:49.5455667Z -- │ FTXUI_BUILD_EXAMPLES     : OFF
2026-07-27T15:21:49.5456180Z -- │ FTXUI_QUIET              : OFF
2026-07-27T15:21:49.5456673Z -- │ FTXUI_BUILD_DOCS         : OFF
2026-07-27T15:21:49.5457174Z -- │ FTXUI_BUILD_TESTS        : OFF
2026-07-27T15:21:49.5457671Z -- │ FTXUI_BUILD_TESTS_FUZZER : OFF
2026-07-27T15:21:49.5458177Z -- │ FTXUI_ENABLE_COVERAGE    : OFF
2026-07-27T15:21:49.5458683Z -- │ FTXUI_DEV_WARNINGS       : OFF
2026-07-27T15:21:49.5459165Z -- │ FTXUI_CLANG_TIDY         : OFF
2026-07-27T15:21:49.5459723Z -- └─────────────────────────────────────
2026-07-27T15:21:49.5923115Z -- Performing Test CMAKE_HAVE_LIBC_PTHREAD
2026-07-27T15:21:49.6687721Z -- Performing Test CMAKE_HAVE_LIBC_PTHREAD - Success
2026-07-27T15:21:49.6697362Z -- Found Threads: TRUE
2026-07-27T15:21:49.7531450Z -- yyjson: system package not found, building from source
2026-07-27T15:21:51.1935067Z CMake Deprecation Warning at build/_deps/yyjson-src/CMakeLists.txt:5 (cmake_minimum_required):
2026-07-27T15:21:51.1935739Z   Compatibility with CMake < 3.10 will be removed from a future version of
2026-07-27T15:21:51.1936131Z   CMake.
2026-07-27T15:21:51.1936242Z 
2026-07-27T15:21:51.1936445Z   Update the VERSION argument <min> value.  Or, use the <min>...<max> syntax
2026-07-27T15:21:51.1936938Z   to tell CMake that the project requires at least <min> but has been updated
2026-07-27T15:21:51.1937359Z   to work with policies introduced by <max> or earlier.
2026-07-27T15:21:51.1937589Z 
2026-07-27T15:21:51.1937593Z 
2026-07-27T15:21:51.1945035Z -- Looking for stdint.h
2026-07-27T15:21:51.2493235Z -- Looking for stdint.h - found
2026-07-27T15:21:51.2493793Z -- Looking for stdbool.h
2026-07-27T15:21:51.3003405Z -- Looking for stdbool.h - found
2026-07-27T15:21:51.3077591Z -- Found PkgConfig: /usr/bin/pkg-config (found version "1.8.1")
2026-07-27T15:21:51.3085258Z -- Checking for module 'yaml-0.1'
2026-07-27T15:21:51.3171605Z --   Found yaml-0.1, version 0.2.5
2026-07-27T15:21:51.4871807Z -- FFmpeg: using system package
2026-07-27T15:21:51.4872810Z -- ALSA found: building ALSA audio backend
2026-07-27T15:21:51.4873600Z -- PulseAudio found: building PulseAudio audio backend
2026-07-27T15:21:51.4874021Z -- SDL2 found: building SDL audio backend
2026-07-27T15:21:51.4878709Z -- netease-cli: Go found (/usr/bin/go), will auto-build
2026-07-27T15:21:51.4883471Z -- Configuring done (12.6s)
2026-07-27T15:21:51.5846510Z -- Generating done (0.1s)
2026-07-27T15:21:51.5851912Z -- Build files have been written to: /home/runner/work/Netune/Netune/build
2026-07-27T15:21:51.6173932Z gmake[2]: Circular CMakeFiles/netease-cli <- netease-cli dependency dropped.
2026-07-27T15:21:51.6175611Z gmake[2]: Circular netease-cli <- netease-cli dependency dropped.
2026-07-27T15:21:51.6199822Z [  1%] Building netease-cli (Go helper)...
2026-07-27T15:21:51.6200818Z [  2%] Building C object _deps/yyjson-build/CMakeFiles/yyjson.dir/src/yyjson.c.o
2026-07-27T15:21:51.6203506Z [  3%] Building CXX object _deps/ftxui-build/CMakeFiles/screen.dir/src/ftxui/screen/box.cpp.o
2026-07-27T15:21:51.6210055Z /bin/sh: 1: cd: can't cd to /home/runner/work/Netune/Netune/src/plugins/music_sources/netease/netease-cli
2026-07-27T15:21:51.6211400Z gmake[2]: *** [CMakeFiles/netease-cli.dir/build.make:73: netease-cli] Error 2
2026-07-27T15:21:51.6212651Z gmake[1]: *** [CMakeFiles/Makefile2:222: CMakeFiles/netease-cli.dir/all] Error 2
2026-07-27T15:21:51.6213128Z gmake[1]: *** Waiting for unfinished jobs....
2026-07-27T15:21:51.6218847Z [  4%] Building CXX object _deps/ftxui-build/CMakeFiles/screen.dir/src/ftxui/screen/color.cpp.o
2026-07-27T15:21:51.6295814Z [  5%] Building CXX object _deps/ftxui-build/CMakeFiles/screen.dir/src/ftxui/screen/color_info.cpp.o
2026-07-27T15:21:52.1709654Z [  6%] Building CXX object _deps/ftxui-build/CMakeFiles/screen.dir/src/ftxui/screen/image.cpp.o
2026-07-27T15:21:52.1958768Z [  6%] Building CXX object _deps/ftxui-build/CMakeFiles/screen.dir/src/ftxui/screen/screen.cpp.o
2026-07-27T15:21:52.7862645Z [  7%] Building CXX object _deps/ftxui-build/CMakeFiles/screen.dir/src/ftxui/screen/string.cpp.o
2026-07-27T15:21:52.8949652Z [  8%] Building CXX object _deps/ftxui-build/CMakeFiles/screen.dir/src/ftxui/screen/terminal.cpp.o
2026-07-27T15:21:53.9465850Z [  9%] Linking CXX static library libftxui-screen.a
2026-07-27T15:21:54.6603484Z [  9%] Built target screen
2026-07-27T15:21:59.5019732Z [ 10%] Linking C static library libyyjson.a
2026-07-27T15:21:59.5824738Z [ 10%] Built target yyjson
2026-07-27T15:21:59.5830313Z gmake: *** [Makefile:156: all] Error 2
2026-07-27T15:21:59.5854276Z ##[error]Process completed with exit code 2.
2026-07-27T15:21:59.5993610Z Node 20 is being deprecated. This workflow is running with Node 24 by default. If you need to temporarily use Node 20, you can set the ACTIONS_ALLOW_USE_UNSECURE_NODE_VERSION=true environment variable. For more information see: https://github.blog/changelog/2025-09-19-deprecation-of-node-20-on-github-actions-runners/
2026-07-27T15:21:59.5995409Z Post job cleanup.
2026-07-27T15:21:59.6816518Z [command]/usr/bin/git version
2026-07-27T15:21:59.6861621Z git version 2.54.0
2026-07-27T15:21:59.6907027Z Temporarily overriding HOME='/home/runner/work/_temp/82d20d8b-1f1d-4a0e-8263-6d9364550bf7' before making global git config changes
2026-07-27T15:21:59.6908352Z Adding repository directory to the temporary git global config as a safe directory
2026-07-27T15:21:59.6912937Z [command]/usr/bin/git config --global --add safe.directory /home/runner/work/Netune/Netune
2026-07-27T15:21:59.6951854Z [command]/usr/bin/git config --local --name-only --get-regexp core\.sshCommand
2026-07-27T15:21:59.6987688Z [command]/usr/bin/git submodule foreach --recursive sh -c "git config --local --name-only --get-regexp 'core\.sshCommand' && git config --local --unset-all 'core.sshCommand' || :"
2026-07-27T15:21:59.7244257Z [command]/usr/bin/git config --local --name-only --get-regexp http\.https\:\/\/github\.com\/\.extraheader
2026-07-27T15:21:59.7272114Z http.https://github.com/.extraheader
2026-07-27T15:21:59.7283963Z [command]/usr/bin/git config --local --unset-all http.https://github.com/.extraheader
2026-07-27T15:21:59.7319739Z [command]/usr/bin/git submodule foreach --recursive sh -c "git config --local --name-only --get-regexp 'http\.https\:\/\/github\.com\/\.extraheader' && git config --local --unset-all 'http.https://github.com/.extraheader' || :"
2026-07-27T15:21:59.7603998Z [command]/usr/bin/git config --local --name-only --get-regexp ^includeIf\.gitdir:
2026-07-27T15:21:59.7656527Z [command]/usr/bin/git submodule foreach --recursive git config --local --show-origin --name-only --get-regexp remote.origin.url
2026-07-27T15:21:59.8039213Z Cleaning up orphan processes
2026-07-27T15:21:59.8284355Z ##[warning]Node.js 20 is deprecated. The following actions target Node.js 20 but are being forced to run on Node.js 24: actions/checkout@v4. For more information see: https://github.blog/changelog/2025-09-19-deprecation-of-node-20-on-github-actions-runners/
